node.exe : FAIL tests/services/platoService.test.js
En línea: 1 Carácter: 1
+ & "C:\Program Files\nodejs/node.exe" "C:\Program Files\nodejs/node_mo ...
+ ~~~~~~~~~~~~~~~~~~~~~~~~~~~~~~~~~~~~~~~~~~~~~~~~~~~~~~~~~~~~~~~~~~~~~
    + CategoryInfo          : NotSpecified: (FAIL tests/services/platoService.test.js 
   :String) [], RemoteException
    + FullyQualifiedErrorId : NativeCommandError
 
  PlatoService - Test Suite
    ÔêÜ listarMenuCompleto devuelve la lista de platos (6 ms)
    ├ù crearNuevoProducto crea un plato correctamente (2 ms)
    ÔêÜ modificarProducto actualiza un plato existente (1 ms)
    ÔêÜ modificarProducto devuelve null si el plato no existe
    ├ù cargarImagenProducto debe actualizar path y devolver plato (3 ms)
    ÔêÜ cargarImagenProducto devuelve null si el plato no existe (1 ms)

  ÔùÅ PlatoService - Test Suite ÔÇ║ crearNuevoProducto crea un plato correctamente

    STOCK_REQUERIDO

    [0m [90m 234 |[39m
     [90m 235 |[39m         [36mif[39m (stock [33m===[39m undefined 
[33m||[39m stock [33m===[39m [36mnull[39m) {
    [31m[1m>[22m[39m[90m 236 |[39m           [36mthrow[39m [36mnew[39m 
[33mError[39m([32m"STOCK_REQUERIDO"[39m)[33m;[39m
     [90m     |[39m                 [31m[1m^[22m[39m
     [90m 237 |[39m         }
     [90m 238 |[39m
     [90m 239 |[39m         [36mif[39m (isNaN(stock) [33m||[39m 
[33mNumber[39m(stock) [33m<=[39m [35m0[39m) {[0m

      at PlatoService._validarProducto (src/services/platoService.js:236:17)
      at src/services/platoService.js:86:30
      at PlatoService.crearNuevoProducto (src/services/platoService.js:85:12)
      at Object.<anonymous> (tests/services/platoService.test.js:42:23)

  ÔùÅ PlatoService - Test Suite ÔÇ║ cargarImagenProducto debe actualizar path y 
devolver plato

    expect(jest.fn()).toHaveBeenCalledWith(...expected)

    - Expected
    + Received

      35,
      {"imagenPath": "/uploads/milanesa.jpg"},
    + null,

    Number of calls: 1

    [0m [90m 88 |[39m     [36mconst[39m resultado [33m=[39m [36mawait[39m 
platoService[33m.[39mcargarImagenProducto(id[33m,[39m filename)[33m;[39m
     [90m 89 |[39m
    [31m[1m>[22m[39m[90m 90 |[39m     expect(platoRepositoryMock[33m.[39mmodif
icarProductoSeleccionado)[33m.[39mtoHaveBeenCalledWith(
     [90m    |[39m                                                               
[31m[1m^[22m[39m
     [90m 91 |[39m       id[33m,[39m { imagenPath[33m:[39m rutaFinal }
     [90m 92 |[39m     )[33m;[39m
     [90m 93 |[39m     
expect(resultado[33m.[39mimagenPath)[33m.[39mtoBe(rutaFinal)[33m;[39m[0m

      at Object.toHaveBeenCalledWith (tests/services/platoService.test.js:90:63)

Test Suites: 1 failed, 1 total
Tests:       2 failed, 4 passed, 6 total
Snapshots:   0 total
Time:        0.552 s, estimated 1 s
Ran all test suites matching tests/services/platoService.test.js.
